// Jest Snapshot v1, https://goo.gl/fbAQLP

exports[`matches snapshot 1`] = `
<div>
  <div>
    <img
      alt="Heads"
      class="Coin"
      src="https://upload.wikimedia.org/wikipedia/commons/d/dd/2017-D_Roosevelt_dime_obverse_transparent.png"
    />
  </div>
</div>
`;
